// Jest Snapshot v1, https://goo.gl/fbAQLP

exports[`ProductImage it should render 1`] = `
.c0 {
  -webkit-flex: 1;
  -ms-flex: 1;
  flex: 1;
  margin-left: 26px;
  height: auto;
  object-fit: cover;
  background: url('') no-repeat;
  background-position: center;
  background-size: contain;
}

@media (max-width:768px) {
  .c0 {
    min-height: 250px;
    margin: 0 0 16px 0;
  }
}

<div
  className="c0"
/>
`;
